-----------------------------------------------------------
Server listening on 55203 (test #1)
-----------------------------------------------------------
Accepted connection from 10.44.0.1, port 52755
[  6] local 10.44.0.2 port 55203 connected to 10.44.0.1 port 50225
[ ID] Interval           Transfer     Bitrate         Retr  Cwnd
[  6]   0.00-1.00   sec  1.18 GBytes  10.1 Gbits/sec    0    498 KBytes       (omitted)
[  6]   1.00-2.00   sec  1.19 GBytes  10.3 Gbits/sec    0    498 KBytes       (omitted)
[  6]   0.00-1.00   sec  1.20 GBytes  10.3 Gbits/sec    0    498 KBytes       
[  6]   1.00-2.00   sec  1.19 GBytes  10.3 Gbits/sec    0    498 KBytes       
[  6]   2.00-3.00   sec  1.19 GBytes  10.3 Gbits/sec    0    498 KBytes       
[  6]   3.00-4.00   sec  1.19 GBytes  10.3 Gbits/sec    0    498 KBytes       
[  6]   4.00-5.00   sec  1.20 GBytes  10.3 Gbits/sec    0    498 KBytes       
[  6]   5.00-6.00   sec  1.20 GBytes  10.3 Gbits/sec    0    498 KBytes       
[  6]   6.00-7.00   sec  1.20 GBytes  10.3 Gbits/sec    0    498 KBytes       
[  6]   7.00-8.00   sec  1.20 GBytes  10.3 Gbits/sec    0    498 KBytes       
[  6]   8.00-9.00   sec  1.20 GBytes  10.3 Gbits/sec    0    498 KBytes       
[  6]   9.00-10.00  sec  1.20 GBytes  10.3 Gbits/sec    0    498 KBytes       
[  6]  10.00-11.00  sec  1.20 GBytes  10.3 Gbits/sec    0    498 KBytes       
[  6]  11.00-12.00  sec  1.20 GBytes  10.3 Gbits/sec    0    498 KBytes       
[  6]  12.00-13.00  sec  1.20 GBytes  10.3 Gbits/sec    0    498 KBytes       
[  6]  13.00-14.00  sec  1.19 GBytes  10.3 Gbits/sec    0    498 KBytes       
[  6]  14.00-15.00  sec  1.19 GBytes  10.3 Gbits/sec    0    498 KBytes       
- - - - - - - - - - - - - - - - - - - - - - - - -
[ ID] Interval           Transfer     Bitrate         Retr
[  6]   0.00-15.00  sec  17.9 GBytes  10.3 Gbits/sec    0            sender
