-----------------------------------------------------------
Server listening on 55205 (test #1)
-----------------------------------------------------------
Accepted connection from 10.44.0.1, port 50505
[  6] local 10.44.0.2 port 55205 connected to 10.44.0.1 port 47249
[ ID] Interval           Transfer     Bitrate         Retr  Cwnd
[  6]   0.00-1.00   sec  2.37 GBytes  20.3 Gbits/sec   24   3.04 MBytes       (omitted)
[  6]   1.00-1.00   sec  2.41 GBytes  10.3 Gbits/sec    7   3.09 MBytes       
[  6]   1.00-2.00   sec  2.41 GBytes  20.7 Gbits/sec    1   3.09 MBytes       
[  6]   2.00-3.00   sec  2.41 GBytes  20.7 Gbits/sec    0   3.10 MBytes       
[  6]   3.00-4.00   sec  2.41 GBytes  20.7 Gbits/sec    0   3.10 MBytes       
[  6]   4.00-5.00   sec  2.41 GBytes  20.7 Gbits/sec    0   3.13 MBytes       
[  6]   5.00-6.00   sec  2.41 GBytes  20.7 Gbits/sec    0   3.13 MBytes       
[  6]   6.00-7.00   sec  2.41 GBytes  20.7 Gbits/sec    0   3.13 MBytes       
[  6]   7.00-8.00   sec  2.41 GBytes  20.7 Gbits/sec    0   3.13 MBytes       
[  6]   8.00-9.00   sec  2.41 GBytes  20.7 Gbits/sec    0   3.79 MBytes       
[  6]   9.00-10.00  sec  2.41 GBytes  20.7 Gbits/sec    1   3.79 MBytes       
[  6]  10.00-11.00  sec  2.41 GBytes  20.7 Gbits/sec    1   3.79 MBytes       
[  6]  11.00-12.00  sec  2.41 GBytes  20.7 Gbits/sec    2   3.79 MBytes       
[  6]  12.00-13.00  sec  2.41 GBytes  20.7 Gbits/sec    0   3.79 MBytes       
[  6]  13.00-14.00  sec  2.40 GBytes  20.6 Gbits/sec    2   3.79 MBytes       
[  6]  14.00-15.00  sec  2.39 GBytes  20.6 Gbits/sec    2   3.79 MBytes       
- - - - - - - - - - - - - - - - - - - - - - - - -
[ ID] Interval           Transfer     Bitrate         Retr
[  6]   0.00-15.00  sec  36.1 GBytes  20.7 Gbits/sec   16            sender
