iperf3: error - unable to start listener for connections: Address already in use
iperf3: exiting
-----------------------------------------------------------
Server listening on 55201 (test #1)
-----------------------------------------------------------
Accepted connection from 10.44.0.1, port 34251
[  6] local 10.44.0.2 port 55201 connected to 10.44.0.1 port 39705
[ ID] Interval           Transfer     Bitrate
[  6]   0.00-1.00   sec  1.10 GBytes  9.45 Gbits/sec                  (omitted)
[  6]   1.00-1.00   sec  1.12 GBytes  4.81 Gbits/sec                  
[  6]   1.00-2.00   sec  1.12 GBytes  9.62 Gbits/sec                  
[  6]   2.00-3.00   sec  1.12 GBytes  9.61 Gbits/sec                  
[  6]   3.00-4.00   sec  1.12 GBytes  9.60 Gbits/sec                  
[  6]   4.00-5.00   sec  1.12 GBytes  9.60 Gbits/sec                  
[  6]   5.00-6.00   sec  1.12 GBytes  9.60 Gbits/sec                  
[  6]   6.00-7.00   sec  1.14 GBytes  9.77 Gbits/sec                  
[  6]   7.00-8.00   sec  1.14 GBytes  9.77 Gbits/sec                  
[  6]   8.00-9.00   sec  1.14 GBytes  9.76 Gbits/sec                  
[  6]   9.00-10.00  sec  1.14 GBytes  9.77 Gbits/sec                  
[  6]  10.00-11.00  sec  1.14 GBytes  9.77 Gbits/sec                  
[  6]  11.00-12.00  sec  1.14 GBytes  9.77 Gbits/sec                  
[  6]  12.00-13.00  sec  1.14 GBytes  9.77 Gbits/sec                  
[  6]  13.00-14.00  sec  1.14 GBytes  9.78 Gbits/sec                  
[  6]  14.00-15.00  sec  1.14 GBytes  9.77 Gbits/sec                  
- - - - - - - - - - - - - - - - - - - - - - - - -
[ ID] Interval           Transfer     Bitrate
[  6]   0.00-15.00  sec  16.9 GBytes  9.70 Gbits/sec                  receiver
