-----------------------------------------------------------
Server listening on 55202 (test #1)
-----------------------------------------------------------
Accepted connection from 10.44.0.5, port 38179
[  6] local 10.44.0.6 port 55202 connected to 10.44.0.5 port 45385
[ ID] Interval           Transfer     Bitrate         Retr  Cwnd
[  6]   0.00-1.00   sec  1.11 GBytes  9.56 Gbits/sec    1    786 KBytes       (omitted)
[  6]   1.00-1.00   sec  1.15 GBytes  4.95 Gbits/sec    0    786 KBytes       
[  6]   1.00-2.00   sec  1.17 GBytes  10.1 Gbits/sec    0    786 KBytes       
[  6]   2.00-3.00   sec  1.17 GBytes  10.1 Gbits/sec    0    786 KBytes       
[  6]   3.00-4.00   sec  1.18 GBytes  10.1 Gbits/sec    0    786 KBytes       
[  6]   4.00-5.00   sec  1.16 GBytes  9.93 Gbits/sec    0   1.45 MBytes       
[  6]   5.00-6.00   sec  1.10 GBytes  9.49 Gbits/sec    0   1.45 MBytes       
[  6]   6.00-7.00   sec  1.11 GBytes  9.50 Gbits/sec    0   1.45 MBytes       
[  6]   7.00-8.00   sec  1.10 GBytes  9.47 Gbits/sec    0   1.45 MBytes       
[  6]   8.00-9.00   sec  1.11 GBytes  9.50 Gbits/sec    0   1.45 MBytes       
[  6]   9.00-10.00  sec  1.11 GBytes  9.49 Gbits/sec    0   1.45 MBytes       
[  6]  10.00-11.00  sec  1.11 GBytes  9.50 Gbits/sec    0   1.45 MBytes       
[  6]  11.00-12.00  sec  1.11 GBytes  9.49 Gbits/sec    0   1.45 MBytes       
[  6]  12.00-13.00  sec  1.11 GBytes  9.50 Gbits/sec    0   1.45 MBytes       
[  6]  13.00-14.00  sec  1.11 GBytes  9.50 Gbits/sec    0   1.45 MBytes       
[  6]  14.00-15.00  sec  1.11 GBytes  9.51 Gbits/sec    0   1.45 MBytes       
- - - - - - - - - - - - - - - - - - - - - - - - -
[ ID] Interval           Transfer     Bitrate         Retr
[  6]   0.00-15.00  sec  16.9 GBytes  9.67 Gbits/sec    0            sender
