-----------------------------------------------------------
Server listening on 55205 (test #1)
-----------------------------------------------------------
Accepted connection from 10.44.0.1, port 34825
[  6] local 10.44.0.2 port 55205 connected to 10.44.0.1 port 35001
[ ID] Interval           Transfer     Bitrate
[  6]   0.00-1.00   sec  2.37 GBytes  20.4 Gbits/sec                  (omitted)
[  6]   1.00-2.00   sec  2.41 GBytes  20.7 Gbits/sec                  (omitted)
[  6]   0.00-1.00   sec  2.41 GBytes  20.7 Gbits/sec                  
[  6]   1.00-2.00   sec  2.41 GBytes  20.7 Gbits/sec                  
[  6]   2.00-3.00   sec  2.41 GBytes  20.7 Gbits/sec                  
[  6]   3.00-4.00   sec  2.41 GBytes  20.7 Gbits/sec                  
[  6]   4.00-5.00   sec  2.41 GBytes  20.7 Gbits/sec                  
[  6]   5.00-6.00   sec  2.41 GBytes  20.7 Gbits/sec                  
[  6]   6.00-7.00   sec  2.41 GBytes  20.7 Gbits/sec                  
[  6]   7.00-8.00   sec  2.41 GBytes  20.7 Gbits/sec                  
[  6]   8.00-9.00   sec  2.41 GBytes  20.7 Gbits/sec                  
[  6]   9.00-10.00  sec  2.41 GBytes  20.7 Gbits/sec                  
[  6]  10.00-11.00  sec  2.41 GBytes  20.7 Gbits/sec                  
[  6]  11.00-12.00  sec  2.41 GBytes  20.7 Gbits/sec                  
[  6]  12.00-13.00  sec  2.41 GBytes  20.7 Gbits/sec                  
[  6]  13.00-14.00  sec  2.41 GBytes  20.7 Gbits/sec                  
[  6]  14.00-15.00  sec  2.41 GBytes  20.7 Gbits/sec                  
[  6]  15.00-15.00  sec   256 KBytes  19.1 Gbits/sec                  
- - - - - - - - - - - - - - - - - - - - - - - - -
[ ID] Interval           Transfer     Bitrate
[  6]   0.00-15.00  sec  36.2 GBytes  20.7 Gbits/sec                  receiver
