ggml_rocm_init: found 1 ROCm devices (Total VRAM: 126976 MiB):
  Device 0: AMD Radeon 8060S Graphics, gfx1151 (0x1151), VMM: no, Wave Size: 32, VRAM: 126976 MiB
ggml_backend_rocm_get_available_uma_memory: final available_memory_kb: 14009700
Starting RPC server v4.0.1
  endpoint       : 127.0.0.1:50241
  local cache    : n/a
  HaloFPX state  : off
Devices:
  ROCm0: AMD Radeon 8060S Graphics (126976 MiB, 13681 MiB free)
  transport      : TCP
Accepted client connection
Client connection closed
Accepted client connection
Client connection closed
Accepted client connection
Client connection closed
Accepted client connection
ggml_backend_rocm_graph_compute: ROCm graph warmup complete
Client connection closed
Accepted client connection
Client connection closed
Accepted client connection
Client connection closed
Accepted client connection
Client connection closed
