iperf3: error - unable to start listener for connections: Address already in use
iperf3: exiting
-----------------------------------------------------------
Server listening on 55202 (test #1)
-----------------------------------------------------------
Accepted connection from 10.44.0.5, port 46609
[  6] local 10.44.0.6 port 55202 connected to 10.44.0.5 port 33413
[ ID] Interval           Transfer     Bitrate
[  6]   0.00-1.00   sec  1.10 GBytes  9.41 Gbits/sec                  (omitted)
[  6]   1.00-1.00   sec  1.12 GBytes  4.79 Gbits/sec                  
[  6]   1.00-2.00   sec  1.12 GBytes  9.59 Gbits/sec                  
[  6]   2.00-3.00   sec  1.11 GBytes  9.58 Gbits/sec                  
[  6]   3.00-4.00   sec  1.11 GBytes  9.57 Gbits/sec                  
[  6]   4.00-5.00   sec  1.11 GBytes  9.57 Gbits/sec                  
[  6]   5.00-6.00   sec  1.11 GBytes  9.57 Gbits/sec                  
[  6]   6.00-7.00   sec  1.12 GBytes  9.58 Gbits/sec                  
[  6]   7.00-8.00   sec  1.12 GBytes  9.58 Gbits/sec                  
[  6]   8.00-9.00   sec  1.15 GBytes  9.89 Gbits/sec                  
[  6]   9.00-10.00  sec  1.18 GBytes  10.1 Gbits/sec                  
[  6]  10.00-11.00  sec  1.18 GBytes  10.1 Gbits/sec                  
[  6]  11.00-12.00  sec  1.18 GBytes  10.1 Gbits/sec                  
[  6]  12.00-13.00  sec  1.18 GBytes  10.1 Gbits/sec                  
[  6]  13.00-14.00  sec  1.18 GBytes  10.1 Gbits/sec                  
[  6]  14.00-15.00  sec  1.18 GBytes  10.1 Gbits/sec                  
- - - - - - - - - - - - - - - - - - - - - - - - -
[ ID] Interval           Transfer     Bitrate
[  6]   0.00-15.00  sec  17.1 GBytes  9.81 Gbits/sec                  receiver
