[  0%] Building C object ggml/src/CMakeFiles/ggml-base.dir/ggml.c.o
[  0%] Building C object ggml/src/CMakeFiles/ggml-base.dir/ggml-alloc.c.o
[  0%] Building CXX object ggml/src/CMakeFiles/ggml-base.dir/ggml.cpp.o
[  0%] Building CXX object ggml/src/CMakeFiles/ggml-base.dir/ggml-backend.cpp.o
[  3%] Building CXX object ggml/src/CMakeFiles/ggml-base.dir/ggml-backend-meta.cpp.o
/tmp/halofpx-sumfree-off-a3fd09e/ggml/src/ggml-backend.cpp: In function ‘bool {anonymous}::sched_auth_build_canonical_census(sched_auth_state&)’:
/tmp/halofpx-sumfree-off-a3fd09e/ggml/src/ggml-backend.cpp:894:29: warning: missing initializer for member ‘ggml_backend_sched_authority_census_entry::logical_tensor_identity’ [-Wmissing-field-initializers]
  894 |         candidates.push_back({
      |         ~~~~~~~~~~~~~~~~~~~~^~
  895 |             root.backend,
      |             ~~~~~~~~~~~~~    
  896 |             root.canonical_id,
      |             ~~~~~~~~~~~~~~~~~~
  897 |             static_cast<uint32_t>(GGML_BACKEND_SCHED_CENSUS_ROOT),
      |             ~~~~~~~~~~~~~~~~~~~~~~~~~~~~~~~~~~~~~~~~~~~~~~~~~~~~~~
  898 |             static_cast<uint32_t>(
      |             ~~~~~~~~~~~~~~~~~~~~~~
  899 |                 root.authority.root_class == GGML_BACKEND_SCHED_AUTH_MUTABLE ?
      |                 ~~~~~~~~~~~~~~~~~~~~~~~~~~~~~~~~~~~~~~~~~~~~~~~~~~~~~~~~~~~~~~
  900 |                     GGML_BACKEND_SCHED_CENSUS_REGISTER :
      |                     ~~~~~~~~~~~~~~~~~~~~~~~~~~~~~~~~~~~~
  901 |                     GGML_BACKEND_SCHED_CENSUS_EXCLUDE),
      |                     ~~~~~~~~~~~~~~~~~~~~~~~~~~~~~~~~~~~
  902 |             root.authority.root_class,
      |             ~~~~~~~~~~~~~~~~~~~~~~~~~~
  903 |             root.authority.root_class == GGML_BACKEND_SCHED_AUTH_MUTABLE ?
      |             ~~~~~~~~~~~~~~~~~~~~~~~~~~~~~~~~~~~~~~~~~~~~~~~~~~~~~~~~~~~~~~
  904 |                 root.authority.role :
      |                 ~~~~~~~~~~~~~~~~~~~~~
  905 |                 static_cast<uint32_t>(
      |                 ~~~~~~~~~~~~~~~~~~~~~~
  906 |                     root.authority.root_class ==
      |                     ~~~~~~~~~~~~~~~~~~~~~~~~~~~~
  907 |                             GGML_BACKEND_SCHED_AUTH_IMMUTABLE_WEIGHT ?
      |                             ~~~~~~~~~~~~~~~~~~~~~~~~~~~~~~~~~~~~~~~~~~
  908 |                         GGML_RPC_HALOFPX_EXCLUDE_IMMUTABLE_MODEL_WEIGHT :
      |                         ~~~~~~~~~~~~~~~~~~~~~~~~~~~~~~~~~~~~~~~~~~~~~~~~~
  909 |                         GGML_RPC_HALOFPX_EXCLUDE_LOCAL_STATE_PAYLOAD),
      |                         ~~~~~~~~~~~~~~~~~~~~~~~~~~~~~~~~~~~~~~~~~~~~~~
  910 |             root.authority.role_ordinal,
      |             ~~~~~~~~~~~~~~~~~~~~~~~~~~~~
  911 |             UINT32_MAX,
      |             ~~~~~~~~~~~      
  912 |             0,
      |             ~~               
  913 |             root.tensor,
      |             ~~~~~~~~~~~~     
  914 |         });
      |         ~~                   
/tmp/halofpx-sumfree-off-a3fd09e/ggml/src/ggml-backend.cpp:894:29: warning: missing initializer for member ‘ggml_backend_sched_authority_census_entry::storage_tensor_identity’ [-Wmissing-field-initializers]
/tmp/halofpx-sumfree-off-a3fd09e/ggml/src/ggml-backend.cpp:894:29: warning: missing initializer for member ‘ggml_backend_sched_authority_census_entry::runtime_semantic_identity’ [-Wmissing-field-initializers]
/tmp/halofpx-sumfree-off-a3fd09e/ggml/src/ggml-backend.cpp:894:29: warning: missing initializer for member ‘ggml_backend_sched_authority_census_entry::rpc_endpoint_identity’ [-Wmissing-field-initializers]
/tmp/halofpx-sumfree-off-a3fd09e/ggml/src/ggml-backend.cpp:894:29: warning: missing initializer for member ‘ggml_backend_sched_authority_census_entry::rpc_connection_epoch’ [-Wmissing-field-initializers]
/tmp/halofpx-sumfree-off-a3fd09e/ggml/src/ggml-backend.cpp:894:29: warning: missing initializer for member ‘ggml_backend_sched_authority_census_entry::rpc_device’ [-Wmissing-field-initializers]
/tmp/halofpx-sumfree-off-a3fd09e/ggml/src/ggml-backend.cpp:894:29: warning: missing initializer for member ‘ggml_backend_sched_authority_census_entry::resolved’ [-Wmissing-field-initializers]
/tmp/halofpx-sumfree-off-a3fd09e/ggml/src/ggml-backend.cpp:923:29: warning: missing initializer for member ‘ggml_backend_sched_authority_census_entry::logical_tensor_identity’ [-Wmissing-field-initializers]
  923 |         candidates.push_back({
      |         ~~~~~~~~~~~~~~~~~~~~^~
  924 |             copy.destination_backend,
      |             ~~~~~~~~~~~~~~~~~~~~~~~~~
  925 |             copy.source_id,
      |             ~~~~~~~~~~~~~~~  
  926 |             static_cast<uint32_t>(GGML_BACKEND_SCHED_CENSUS_COPY),
      |             ~~~~~~~~~~~~~~~~~~~~~~~~~~~~~~~~~~~~~~~~~~~~~~~~~~~~~~
  927 |             static_cast<uint32_t>(
      |             ~~~~~~~~~~~~~~~~~~~~~~
  928 |                 scheduler_copy ||
      |                 ~~~~~~~~~~~~~~~~~
  929 |                         copy.root_class == GGML_BACKEND_SCHED_AUTH_MUTABLE ?
      |                         ~~~~~~~~~~~~~~~~~~~~~~~~~~~~~~~~~~~~~~~~~~~~~~~~~~~~
  930 |                     GGML_BACKEND_SCHED_CENSUS_REGISTER :
      |                     ~~~~~~~~~~~~~~~~~~~~~~~~~~~~~~~~~~~~
  931 |                     GGML_BACKEND_SCHED_CENSUS_EXCLUDE),
      |                     ~~~~~~~~~~~~~~~~~~~~~~~~~~~~~~~~~~~
  932 |             copy.root_class,
      |             ~~~~~~~~~~~~~~~~ 
  933 |             scheduler_copy ?
      |             ~~~~~~~~~~~~~~~~ 
  934 |                 static_cast<uint32_t>(GGML_RPC_HALOFPX_MUTABLE_SCHEDULER_COPY) :
      |                 ~~~~~~~~~~~~~~~~~~~~~~~~~~~~~~~~~~~~~~~~~~~~~~~~~~~~~~~~~~~~~~~~
  935 |             copy.root_class == GGML_BACKEND_SCHED_AUTH_MUTABLE ?
      |             ~~~~~~~~~~~~~~~~~~~~~~~~~~~~~~~~~~~~~~~~~~~~~~~~~~~~
  936 |                 copy.role :
      |                 ~~~~~~~~~~~  
  937 |                 static_cast<uint32_t>(
      |                 ~~~~~~~~~~~~~~~~~~~~~~
  938 |                     copy.root_class ==
      |                     ~~~~~~~~~~~~~~~~~~
  939 |                             GGML_BACKEND_SCHED_AUTH_IMMUTABLE_WEIGHT ?
      |                             ~~~~~~~~~~~~~~~~~~~~~~~~~~~~~~~~~~~~~~~~~~
  940 |                         GGML_RPC_HALOFPX_EXCLUDE_IMMUTABLE_MODEL_WEIGHT :
      |                         ~~~~~~~~~~~~~~~~~~~~~~~~~~~~~~~~~~~~~~~~~~~~~~~~~
  941 |                         GGML_RPC_HALOFPX_EXCLUDE_LOCAL_STATE_PAYLOAD),
      |                         ~~~~~~~~~~~~~~~~~~~~~~~~~~~~~~~~~~~~~~~~~~~~~~
  942 |             copy.role_ordinal,
      |             ~~~~~~~~~~~~~~~~~~
  943 |             copy.copy_slot,
      |             ~~~~~~~~~~~~~~~  
  944 |             copy.generation,
      |             ~~~~~~~~~~~~~~~~ 
  945 |             copy.tensor,
      |             ~~~~~~~~~~~~     
  946 |         });
      |         ~~                   
/tmp/halofpx-sumfree-off-a3fd09e/ggml/src/ggml-backend.cpp:923:29: warning: missing initializer for member ‘ggml_backend_sched_authority_census_entry::storage_tensor_identity’ [-Wmissing-field-initializers]
/tmp/halofpx-sumfree-off-a3fd09e/ggml/src/ggml-backend.cpp:923:29: warning: missing initializer for member ‘ggml_backend_sched_authority_census_entry::runtime_semantic_identity’ [-Wmissing-field-initializers]
/tmp/halofpx-sumfree-off-a3fd09e/ggml/src/ggml-backend.cpp:923:29: warning: missing initializer for member ‘ggml_backend_sched_authority_census_entry::rpc_endpoint_identity’ [-Wmissing-field-initializers]
/tmp/halofpx-sumfree-off-a3fd09e/ggml/src/ggml-backend.cpp:923:29: warning: missing initializer for member ‘ggml_backend_sched_authority_census_entry::rpc_connection_epoch’ [-Wmissing-field-initializers]
/tmp/halofpx-sumfree-off-a3fd09e/ggml/src/ggml-backend.cpp:923:29: warning: missing initializer for member ‘ggml_backend_sched_authority_census_entry::rpc_device’ [-Wmissing-field-initializers]
/tmp/halofpx-sumfree-off-a3fd09e/ggml/src/ggml-backend.cpp:923:29: warning: missing initializer for member ‘ggml_backend_sched_authority_census_entry::resolved’ [-Wmissing-field-initializers]
[  3%] Building CXX object ggml/src/CMakeFiles/ggml-base.dir/ggml-opt.cpp.o
[  3%] Building CXX object ggml/src/CMakeFiles/ggml-base.dir/ggml-threading.cpp.o
[  3%] Building C object ggml/src/CMakeFiles/ggml-base.dir/__/__/examples/gguf-hash/deps/sha256/sha256.c.o
[  3%] Building C object ggml/src/CMakeFiles/ggml-base.dir/ggml-quants.c.o
[  3%] Building C object ggml/src/CMakeFiles/ggml-base.dir/__/rocmfp4/rocmfp4.c.o
[  7%] Building C object ggml/src/CMakeFiles/ggml-base.dir/__/rocmfpx/rocmfpx.c.o
[  7%] Building CXX object ggml/src/CMakeFiles/ggml-base.dir/gguf.cpp.o
[  7%] Linking CXX shared library ../../bin/libggml-base.so
[  7%] Built target ggml-base
[  7%] Building HIP object ggml/src/ggml-hip/CMakeFiles/ggml-hip.dir/__/ggml-cuda/acc.cu.o
[  7%] Building HIP object ggml/src/ggml-hip/CMakeFiles/ggml-hip.dir/__/ggml-cuda/add-id.cu.o
[  7%] Building HIP object ggml/src/ggml-hip/CMakeFiles/ggml-hip.dir/__/ggml-cuda/allreduce.cu.o
[  7%] Building HIP object ggml/src/ggml-hip/CMakeFiles/ggml-hip.dir/__/ggml-cuda/arange.cu.o
[ 10%] Building HIP object ggml/src/ggml-hip/CMakeFiles/ggml-hip.dir/__/ggml-cuda/argmax.cu.o
[ 10%] Building HIP object ggml/src/ggml-hip/CMakeFiles/ggml-hip.dir/__/ggml-cuda/argsort.cu.o
[ 10%] Building HIP object ggml/src/ggml-hip/CMakeFiles/ggml-hip.dir/__/ggml-cuda/binbcast.cu.o
[ 10%] Building HIP object ggml/src/ggml-hip/CMakeFiles/ggml-hip.dir/__/ggml-cuda/clamp.cu.o
[ 10%] Building HIP object ggml/src/ggml-hip/CMakeFiles/ggml-hip.dir/__/ggml-cuda/concat.cu.o
[ 10%] Building HIP object ggml/src/ggml-hip/CMakeFiles/ggml-hip.dir/__/ggml-cuda/conv-transpose-1d.cu.o
[ 10%] Building HIP object ggml/src/ggml-hip/CMakeFiles/ggml-hip.dir/__/ggml-cuda/conv2d-dw.cu.o
[ 14%] Building HIP object ggml/src/ggml-hip/CMakeFiles/ggml-hip.dir/__/ggml-cuda/conv2d-transpose.cu.o
[ 14%] Building HIP object ggml/src/ggml-hip/CMakeFiles/ggml-hip.dir/__/ggml-cuda/conv2d.cu.o
[ 14%] Building HIP object ggml/src/ggml-hip/CMakeFiles/ggml-hip.dir/__/ggml-cuda/convert.cu.o
[ 14%] Building HIP object ggml/src/ggml-hip/CMakeFiles/ggml-hip.dir/__/ggml-cuda/count-equal.cu.o
[ 14%] Building HIP object ggml/src/ggml-hip/CMakeFiles/ggml-hip.dir/__/ggml-cuda/cpy.cu.o
[ 14%] Building HIP object ggml/src/ggml-hip/CMakeFiles/ggml-hip.dir/__/ggml-cuda/cross-entropy-loss.cu.o
[ 17%] Building HIP object ggml/src/ggml-hip/CMakeFiles/ggml-hip.dir/__/ggml-cuda/cumsum.cu.o
[ 17%] Building HIP object ggml/src/ggml-hip/CMakeFiles/ggml-hip.dir/__/ggml-cuda/diag.cu.o
[ 17%] Building HIP object ggml/src/ggml-hip/CMakeFiles/ggml-hip.dir/__/ggml-cuda/diagmask.cu.o
[ 17%] Building HIP object ggml/src/ggml-hip/CMakeFiles/ggml-hip.dir/__/ggml-cuda/dsv4.cu.o
[ 17%] Building HIP object ggml/src/ggml-hip/CMakeFiles/ggml-hip.dir/__/ggml-cuda/fattn-tile.cu.o
[ 17%] Building HIP object ggml/src/ggml-hip/CMakeFiles/ggml-hip.dir/__/ggml-cuda/fattn-wmma-f16.cu.o
[ 21%] Building HIP object ggml/src/ggml-hip/CMakeFiles/ggml-hip.dir/__/ggml-cuda/fattn.cu.o
[ 21%] Building HIP object ggml/src/ggml-hip/CMakeFiles/ggml-hip.dir/__/ggml-cuda/fill.cu.o
[ 21%] Building HIP object ggml/src/ggml-hip/CMakeFiles/ggml-hip.dir/__/ggml-cuda/gated_delta_net.cu.o
[ 21%] Building HIP object ggml/src/ggml-hip/CMakeFiles/ggml-hip.dir/__/ggml-cuda/getrows.cu.o
[ 21%] Building HIP object ggml/src/ggml-hip/CMakeFiles/ggml-hip.dir/__/ggml-cuda/ggml-cuda.cu.o
[ 21%] Building HIP object ggml/src/ggml-hip/CMakeFiles/ggml-hip.dir/__/ggml-cuda/gla.cu.o
[ 25%] Building HIP object ggml/src/ggml-hip/CMakeFiles/ggml-hip.dir/__/ggml-cuda/im2col.cu.o
[ 25%] Building HIP object ggml/src/ggml-hip/CMakeFiles/ggml-hip.dir/__/ggml-cuda/mean.cu.o
[ 25%] Building HIP object ggml/src/ggml-hip/CMakeFiles/ggml-hip.dir/__/ggml-cuda/mmf.cu.o
[ 25%] Building HIP object ggml/src/ggml-hip/CMakeFiles/ggml-hip.dir/__/ggml-cuda/mmid.cu.o
[ 25%] Building HIP object ggml/src/ggml-hip/CMakeFiles/ggml-hip.dir/__/ggml-cuda/mmq.cu.o
[ 25%] Building HIP object ggml/src/ggml-hip/CMakeFiles/ggml-hip.dir/__/ggml-cuda/mmvf.cu.o
[ 28%] Building HIP object ggml/src/ggml-hip/CMakeFiles/ggml-hip.dir/__/ggml-cuda/mmvq.cu.o
[ 28%] Building HIP object ggml/src/ggml-hip/CMakeFiles/ggml-hip.dir/__/ggml-cuda/norm.cu.o
[ 28%] Building HIP object ggml/src/ggml-hip/CMakeFiles/ggml-hip.dir/__/ggml-cuda/opt-step-adamw.cu.o
[ 28%] Building HIP object ggml/src/ggml-hip/CMakeFiles/ggml-hip.dir/__/ggml-cuda/opt-step-sgd.cu.o
[ 28%] Building HIP object ggml/src/ggml-hip/CMakeFiles/ggml-hip.dir/__/ggml-cuda/out-prod.cu.o
[ 32%] Building HIP object ggml/src/ggml-hip/CMakeFiles/ggml-hip.dir/__/ggml-cuda/pad.cu.o
[ 32%] Building HIP object ggml/src/ggml-hip/CMakeFiles/ggml-hip.dir/__/ggml-cuda/pad_reflect_1d.cu.o
[ 32%] Building HIP object ggml/src/ggml-hip/CMakeFiles/ggml-hip.dir/__/ggml-cuda/pool2d.cu.o
[ 32%] Building HIP object ggml/src/ggml-hip/CMakeFiles/ggml-hip.dir/__/ggml-cuda/quantize.cu.o
[ 32%] Building HIP object ggml/src/ggml-hip/CMakeFiles/ggml-hip.dir/__/ggml-cuda/roll.cu.o
[ 32%] Building HIP object ggml/src/ggml-hip/CMakeFiles/ggml-hip.dir/__/ggml-cuda/rope.cu.o
[ 35%] Building HIP object ggml/src/ggml-hip/CMakeFiles/ggml-hip.dir/__/ggml-cuda/scale.cu.o
[ 35%] Building HIP object ggml/src/ggml-hip/CMakeFiles/ggml-hip.dir/__/ggml-cuda/set-rows.cu.o
[ 35%] Building HIP object ggml/src/ggml-hip/CMakeFiles/ggml-hip.dir/__/ggml-cuda/set.cu.o
[ 35%] Building HIP object ggml/src/ggml-hip/CMakeFiles/ggml-hip.dir/__/ggml-cuda/snake.cu.o
[ 35%] Building HIP object ggml/src/ggml-hip/CMakeFiles/ggml-hip.dir/__/ggml-cuda/softcap.cu.o
[ 35%] Building HIP object ggml/src/ggml-hip/CMakeFiles/ggml-hip.dir/__/ggml-cuda/softmax.cu.o
[ 39%] Building HIP object ggml/src/ggml-hip/CMakeFiles/ggml-hip.dir/__/ggml-cuda/solve_tri.cu.o
[ 39%] Building HIP object ggml/src/ggml-hip/CMakeFiles/ggml-hip.dir/__/ggml-cuda/ssm-conv.cu.o
[ 39%] Building HIP object ggml/src/ggml-hip/CMakeFiles/ggml-hip.dir/__/ggml-cuda/ssm-scan.cu.o
[ 39%] Building HIP object ggml/src/ggml-hip/CMakeFiles/ggml-hip.dir/__/ggml-cuda/sum.cu.o
[ 39%] Building HIP object ggml/src/ggml-hip/CMakeFiles/ggml-hip.dir/__/ggml-cuda/sumrows.cu.o
[ 39%] Building HIP object ggml/src/ggml-hip/CMakeFiles/ggml-hip.dir/__/ggml-cuda/top-k.cu.o
[ 42%] Building HIP object ggml/src/ggml-hip/CMakeFiles/ggml-hip.dir/__/ggml-cuda/topk-moe.cu.o
[ 42%] Building HIP object ggml/src/ggml-hip/CMakeFiles/ggml-hip.dir/__/ggml-cuda/tri.cu.o
[ 42%] Building HIP object ggml/src/ggml-hip/CMakeFiles/ggml-hip.dir/__/ggml-cuda/tsembd.cu.o
[ 42%] Building HIP object ggml/src/ggml-hip/CMakeFiles/ggml-hip.dir/__/ggml-cuda/unary.cu.o
[ 42%] Building HIP object ggml/src/ggml-hip/CMakeFiles/ggml-hip.dir/__/ggml-cuda/upscale.cu.o
[ 42%] Building HIP object ggml/src/ggml-hip/CMakeFiles/ggml-hip.dir/__/ggml-cuda/wkv.cu.o
[ 46%] Building HIP object ggml/src/ggml-hip/CMakeFiles/ggml-hip.dir/__/__/rocmfp4/rocmfp4_hip.cu.o
[ 46%] Building HIP object ggml/src/ggml-hip/CMakeFiles/ggml-hip.dir/fattn-kv-batched.cu.o
[ 46%] Building HIP object ggml/src/ggml-hip/CMakeFiles/ggml-hip.dir/fattn-vec-turbo-mixed.cu.o
[ 46%] Building HIP object ggml/src/ggml-hip/CMakeFiles/ggml-hip.dir/__/ggml-cuda/template-instances/fattn-tile-instance-dkq112-dv112.cu.o
[ 46%] Building HIP object ggml/src/ggml-hip/CMakeFiles/ggml-hip.dir/__/ggml-cuda/template-instances/fattn-tile-instance-dkq128-dv128.cu.o
[ 46%] Building HIP object ggml/src/ggml-hip/CMakeFiles/ggml-hip.dir/__/ggml-cuda/template-instances/fattn-tile-instance-dkq192-dv128.cu.o
[ 50%] Building HIP object ggml/src/ggml-hip/CMakeFiles/ggml-hip.dir/__/ggml-cuda/template-instances/fattn-tile-instance-dkq256-dv256.cu.o
[ 50%] Building HIP object ggml/src/ggml-hip/CMakeFiles/ggml-hip.dir/__/ggml-cuda/template-instances/fattn-tile-instance-dkq320-dv256.cu.o
[ 50%] Building HIP object ggml/src/ggml-hip/CMakeFiles/ggml-hip.dir/__/ggml-cuda/template-instances/fattn-tile-instance-dkq40-dv40.cu.o
[ 50%] Building HIP object ggml/src/ggml-hip/CMakeFiles/ggml-hip.dir/__/ggml-cuda/template-instances/fattn-tile-instance-dkq512-dv512.cu.o
[ 50%] Building HIP object ggml/src/ggml-hip/CMakeFiles/ggml-hip.dir/__/ggml-cuda/template-instances/fattn-tile-instance-dkq576-dv512.cu.o
[ 50%] Building HIP object ggml/src/ggml-hip/CMakeFiles/ggml-hip.dir/__/ggml-cuda/template-instances/fattn-tile-instance-dkq64-dv64.cu.o
[ 53%] Building HIP object ggml/src/ggml-hip/CMakeFiles/ggml-hip.dir/__/ggml-cuda/template-instances/fattn-tile-instance-dkq72-dv72.cu.o
[ 53%] Building HIP object ggml/src/ggml-hip/CMakeFiles/ggml-hip.dir/__/ggml-cuda/template-instances/fattn-tile-instance-dkq80-dv80.cu.o
[ 53%] Building HIP object ggml/src/ggml-hip/CMakeFiles/ggml-hip.dir/__/ggml-cuda/template-instances/fattn-tile-instance-dkq96-dv96.cu.o
[ 53%] Building HIP object ggml/src/ggml-hip/CMakeFiles/ggml-hip.dir/__/ggml-cuda/template-instances/fattn-mma-f16-instance-ncols1_1-ncols2_16.cu.o
[ 53%] Building HIP object ggml/src/ggml-hip/CMakeFiles/ggml-hip.dir/__/ggml-cuda/template-instances/fattn-mma-f16-instance-ncols1_1-ncols2_32.cu.o
[ 53%] Building HIP object ggml/src/ggml-hip/CMakeFiles/ggml-hip.dir/__/ggml-cuda/template-instances/fattn-mma-f16-instance-ncols1_1-ncols2_8.cu.o
[ 57%] Building HIP object ggml/src/ggml-hip/CMakeFiles/ggml-hip.dir/__/ggml-cuda/template-instances/fattn-mma-f16-instance-ncols1_16-ncols2_1.cu.o
[ 57%] Building HIP object ggml/src/ggml-hip/CMakeFiles/ggml-hip.dir/__/ggml-cuda/template-instances/fattn-mma-f16-instance-ncols1_16-ncols2_2.cu.o
[ 57%] Building HIP object ggml/src/ggml-hip/CMakeFiles/ggml-hip.dir/__/ggml-cuda/template-instances/fattn-mma-f16-instance-ncols1_16-ncols2_4.cu.o
[ 57%] Building HIP object ggml/src/ggml-hip/CMakeFiles/ggml-hip.dir/__/ggml-cuda/template-instances/fattn-mma-f16-instance-ncols1_2-ncols2_16.cu.o
[ 57%] Building HIP object ggml/src/ggml-hip/CMakeFiles/ggml-hip.dir/__/ggml-cuda/template-instances/fattn-mma-f16-instance-ncols1_2-ncols2_32.cu.o
[ 57%] Building HIP object ggml/src/ggml-hip/CMakeFiles/ggml-hip.dir/__/ggml-cuda/template-instances/fattn-mma-f16-instance-ncols1_2-ncols2_4.cu.o
[ 60%] Building HIP object ggml/src/ggml-hip/CMakeFiles/ggml-hip.dir/__/ggml-cuda/template-instances/fattn-mma-f16-instance-ncols1_2-ncols2_8.cu.o
[ 60%] Building HIP object ggml/src/ggml-hip/CMakeFiles/ggml-hip.dir/__/ggml-cuda/template-instances/fattn-mma-f16-instance-ncols1_32-ncols2_1.cu.o
[ 60%] Building HIP object ggml/src/ggml-hip/CMakeFiles/ggml-hip.dir/__/ggml-cuda/template-instances/fattn-mma-f16-instance-ncols1_32-ncols2_2.cu.o
[ 60%] Building HIP object ggml/src/ggml-hip/CMakeFiles/ggml-hip.dir/__/ggml-cuda/template-instances/fattn-mma-f16-instance-ncols1_4-ncols2_16.cu.o
[ 60%] Building HIP object ggml/src/ggml-hip/CMakeFiles/ggml-hip.dir/__/ggml-cuda/template-instances/fattn-mma-f16-instance-ncols1_4-ncols2_2.cu.o
[ 60%] Building HIP object ggml/src/ggml-hip/CMakeFiles/ggml-hip.dir/__/ggml-cuda/template-instances/fattn-mma-f16-instance-ncols1_4-ncols2_4.cu.o
[ 64%] Building HIP object ggml/src/ggml-hip/CMakeFiles/ggml-hip.dir/__/ggml-cuda/template-instances/fattn-mma-f16-instance-ncols1_4-ncols2_8.cu.o
[ 64%] Building HIP object ggml/src/ggml-hip/CMakeFiles/ggml-hip.dir/__/ggml-cuda/template-instances/fattn-mma-f16-instance-ncols1_64-ncols2_1.cu.o
[ 64%] Building HIP object ggml/src/ggml-hip/CMakeFiles/ggml-hip.dir/__/ggml-cuda/template-instances/fattn-mma-f16-instance-ncols1_8-ncols2_1.cu.o
[ 64%] Building HIP object ggml/src/ggml-hip/CMakeFiles/ggml-hip.dir/__/ggml-cuda/template-instances/fattn-mma-f16-instance-ncols1_8-ncols2_2.cu.o
[ 64%] Building HIP object ggml/src/ggml-hip/CMakeFiles/ggml-hip.dir/__/ggml-cuda/template-instances/fattn-mma-f16-instance-ncols1_8-ncols2_4.cu.o
[ 64%] Building HIP object ggml/src/ggml-hip/CMakeFiles/ggml-hip.dir/__/ggml-cuda/template-instances/fattn-mma-f16-instance-ncols1_8-ncols2_8.cu.o
[ 67%] Building HIP object ggml/src/ggml-hip/CMakeFiles/ggml-hip.dir/__/ggml-cuda/template-instances/mmq-instance-iq1_s.cu.o
[ 67%] Building HIP object ggml/src/ggml-hip/CMakeFiles/ggml-hip.dir/__/ggml-cuda/template-instances/mmq-instance-iq2_s.cu.o
[ 67%] Building HIP object ggml/src/ggml-hip/CMakeFiles/ggml-hip.dir/__/ggml-cuda/template-instances/mmq-instance-iq2_xs.cu.o
[ 67%] Building HIP object ggml/src/ggml-hip/CMakeFiles/ggml-hip.dir/__/ggml-cuda/template-instances/mmq-instance-iq2_xxs.cu.o
[ 67%] Building HIP object ggml/src/ggml-hip/CMakeFiles/ggml-hip.dir/__/ggml-cuda/template-instances/mmq-instance-iq3_s.cu.o
[ 67%] Building HIP object ggml/src/ggml-hip/CMakeFiles/ggml-hip.dir/__/ggml-cuda/template-instances/mmq-instance-iq3_xxs.cu.o
[ 71%] Building HIP object ggml/src/ggml-hip/CMakeFiles/ggml-hip.dir/__/ggml-cuda/template-instances/mmq-instance-iq4_nl.cu.o
[ 71%] Building HIP object ggml/src/ggml-hip/CMakeFiles/ggml-hip.dir/__/ggml-cuda/template-instances/mmq-instance-iq4_xs.cu.o
[ 71%] Building HIP object ggml/src/ggml-hip/CMakeFiles/ggml-hip.dir/__/ggml-cuda/template-instances/mmq-instance-mxfp4.cu.o
[ 71%] Building HIP object ggml/src/ggml-hip/CMakeFiles/ggml-hip.dir/__/ggml-cuda/template-instances/mmq-instance-nvfp4.cu.o
[ 71%] Building HIP object ggml/src/ggml-hip/CMakeFiles/ggml-hip.dir/__/ggml-cuda/template-instances/mmq-instance-q1_0.cu.o
[ 75%] Building HIP object ggml/src/ggml-hip/CMakeFiles/ggml-hip.dir/__/ggml-cuda/template-instances/mmq-instance-q2_0_rocmfpx.cu.o
[ 75%] Building HIP object ggml/src/ggml-hip/CMakeFiles/ggml-hip.dir/__/ggml-cuda/template-instances/mmq-instance-q2_k.cu.o
[ 75%] Building HIP object ggml/src/ggml-hip/CMakeFiles/ggml-hip.dir/__/ggml-cuda/template-instances/mmq-instance-q3_0_rocmfpx.cu.o
[ 75%] Building HIP object ggml/src/ggml-hip/CMakeFiles/ggml-hip.dir/__/ggml-cuda/template-instances/mmq-instance-q3_k.cu.o
[ 75%] Building HIP object ggml/src/ggml-hip/CMakeFiles/ggml-hip.dir/__/ggml-cuda/template-instances/mmq-instance-q4_0.cu.o
[ 75%] Building HIP object ggml/src/ggml-hip/CMakeFiles/ggml-hip.dir/__/ggml-cuda/template-instances/mmq-instance-q4_0_rocmfp4.cu.o
[ 78%] Building HIP object ggml/src/ggml-hip/CMakeFiles/ggml-hip.dir/__/ggml-cuda/template-instances/mmq-instance-q4_0_rocmfp4_fast.cu.o
[ 78%] Building HIP object ggml/src/ggml-hip/CMakeFiles/ggml-hip.dir/__/ggml-cuda/template-instances/mmq-instance-q4_1.cu.o
[ 78%] Building HIP object ggml/src/ggml-hip/CMakeFiles/ggml-hip.dir/__/ggml-cuda/template-instances/mmq-instance-q4_k.cu.o
[ 78%] Building HIP object ggml/src/ggml-hip/CMakeFiles/ggml-hip.dir/__/ggml-cuda/template-instances/mmq-instance-q5_0.cu.o
[ 78%] Building HIP object ggml/src/ggml-hip/CMakeFiles/ggml-hip.dir/__/ggml-cuda/template-instances/mmq-instance-q5_1.cu.o
[ 78%] Building HIP object ggml/src/ggml-hip/CMakeFiles/ggml-hip.dir/__/ggml-cuda/template-instances/mmq-instance-q5_k.cu.o
[ 82%] Building HIP object ggml/src/ggml-hip/CMakeFiles/ggml-hip.dir/__/ggml-cuda/template-instances/mmq-instance-q6_0_rocmfpx.cu.o
[ 82%] Building HIP object ggml/src/ggml-hip/CMakeFiles/ggml-hip.dir/__/ggml-cuda/template-instances/mmq-instance-q6_k.cu.o
[ 82%] Building HIP object ggml/src/ggml-hip/CMakeFiles/ggml-hip.dir/__/ggml-cuda/template-instances/mmq-instance-q8_0.cu.o
[ 82%] Building HIP object ggml/src/ggml-hip/CMakeFiles/ggml-hip.dir/__/ggml-cuda/template-instances/mmq-instance-q8_0_rocmfpx.cu.o
[ 82%] Building HIP object ggml/src/ggml-hip/CMakeFiles/ggml-hip.dir/__/ggml-cuda/template-instances/mmf-instance-ncols_1.cu.o
[ 82%] Building HIP object ggml/src/ggml-hip/CMakeFiles/ggml-hip.dir/__/ggml-cuda/template-instances/mmf-instance-ncols_10.cu.o
[ 85%] Building HIP object ggml/src/ggml-hip/CMakeFiles/ggml-hip.dir/__/ggml-cuda/template-instances/mmf-instance-ncols_11.cu.o
[ 85%] Building HIP object ggml/src/ggml-hip/CMakeFiles/ggml-hip.dir/__/ggml-cuda/template-instances/mmf-instance-ncols_12.cu.o
[ 85%] Building HIP object ggml/src/ggml-hip/CMakeFiles/ggml-hip.dir/__/ggml-cuda/template-instances/mmf-instance-ncols_13.cu.o
[ 85%] Building HIP object ggml/src/ggml-hip/CMakeFiles/ggml-hip.dir/__/ggml-cuda/template-instances/mmf-instance-ncols_14.cu.o
[ 85%] Building HIP object ggml/src/ggml-hip/CMakeFiles/ggml-hip.dir/__/ggml-cuda/template-instances/mmf-instance-ncols_15.cu.o
[ 85%] Building HIP object ggml/src/ggml-hip/CMakeFiles/ggml-hip.dir/__/ggml-cuda/template-instances/mmf-instance-ncols_16.cu.o
[ 89%] Building HIP object ggml/src/ggml-hip/CMakeFiles/ggml-hip.dir/__/ggml-cuda/template-instances/mmf-instance-ncols_2.cu.o
[ 89%] Building HIP object ggml/src/ggml-hip/CMakeFiles/ggml-hip.dir/__/ggml-cuda/template-instances/mmf-instance-ncols_3.cu.o
[ 89%] Building HIP object ggml/src/ggml-hip/CMakeFiles/ggml-hip.dir/__/ggml-cuda/template-instances/mmf-instance-ncols_4.cu.o
[ 89%] Building HIP object ggml/src/ggml-hip/CMakeFiles/ggml-hip.dir/__/ggml-cuda/template-instances/mmf-instance-ncols_5.cu.o
[ 89%] Building HIP object ggml/src/ggml-hip/CMakeFiles/ggml-hip.dir/__/ggml-cuda/template-instances/mmf-instance-ncols_6.cu.o
[ 89%] Building HIP object ggml/src/ggml-hip/CMakeFiles/ggml-hip.dir/__/ggml-cuda/template-instances/mmf-instance-ncols_7.cu.o
[ 92%] Building HIP object ggml/src/ggml-hip/CMakeFiles/ggml-hip.dir/__/ggml-cuda/template-instances/mmf-instance-ncols_8.cu.o
[ 92%] Building HIP object ggml/src/ggml-hip/CMakeFiles/ggml-hip.dir/__/ggml-cuda/template-instances/mmf-instance-ncols_9.cu.o
[ 92%] Building HIP object ggml/src/ggml-hip/CMakeFiles/ggml-hip.dir/__/ggml-cuda/template-instances/fattn-vec-instance-f16-f16.cu.o
[ 92%] Building HIP object ggml/src/ggml-hip/CMakeFiles/ggml-hip.dir/__/ggml-cuda/template-instances/fattn-vec-instance-q4_0-q4_0.cu.o
[ 92%] Building HIP object ggml/src/ggml-hip/CMakeFiles/ggml-hip.dir/__/ggml-cuda/template-instances/fattn-vec-instance-q4_0_rocmfp4-q4_0_rocmfp4.cu.o
[ 92%] Building HIP object ggml/src/ggml-hip/CMakeFiles/ggml-hip.dir/__/ggml-cuda/template-instances/fattn-vec-instance-q4_0_rocmfp4_fast-q4_0_rocmfp4_fast.cu.o
[ 96%] Building HIP object ggml/src/ggml-hip/CMakeFiles/ggml-hip.dir/__/ggml-cuda/template-instances/fattn-vec-instance-q3_0_rocmfpx-q3_0_rocmfpx.cu.o
[ 96%] Building HIP object ggml/src/ggml-hip/CMakeFiles/ggml-hip.dir/__/ggml-cuda/template-instances/fattn-vec-instance-q6_0_rocmfpx-q6_0_rocmfpx.cu.o
[ 96%] Building HIP object ggml/src/ggml-hip/CMakeFiles/ggml-hip.dir/__/ggml-cuda/template-instances/fattn-vec-instance-q8_0_rocmfpx-q8_0_rocmfpx.cu.o
[ 96%] Building HIP object ggml/src/ggml-hip/CMakeFiles/ggml-hip.dir/__/ggml-cuda/template-instances/fattn-vec-instance-q8_0-q8_0.cu.o
[ 96%] Building HIP object ggml/src/ggml-hip/CMakeFiles/ggml-hip.dir/__/ggml-cuda/template-instances/fattn-vec-instance-bf16-bf16.cu.o
[ 96%] Building HIP object ggml/src/ggml-hip/CMakeFiles/ggml-hip.dir/__/ggml-cuda/template-instances/fattn-vec-instance-turbo3_0-turbo3_0.cu.o
[100%] Building HIP object ggml/src/ggml-hip/CMakeFiles/ggml-hip.dir/__/ggml-cuda/template-instances/fattn-vec-instance-turbo4_0-turbo4_0.cu.o
[100%] Linking HIP shared library ../../../bin/libggml-hip.so
[100%] Built target ggml-hip
Building CXX object tests/CMakeFiles/test-halofpx-rocmfpx-mmvq-sum-free-off.dir/test-halofpx-rocmfpx-mmvq-sum-free.cpp.o
Linking CXX executable ../bin/test-halofpx-rocmfpx-mmvq-sum-free-off
Built target test-halofpx-rocmfpx-mmvq-sum-free-off
Building CXX object tests/CMakeFiles/test-halofpx-rocmfpx-mmvq-sum-free-on.dir/test-halofpx-rocmfpx-mmvq-sum-free.cpp.o
Linking CXX executable ../bin/test-halofpx-rocmfpx-mmvq-sum-free-on
Built target test-halofpx-rocmfpx-mmvq-sum-free-on
