[1/174] Building CXX object ggml/src/CMakeFiles/ggml-base.dir/ggml.cpp.o
[2/174] Building C object ggml/src/CMakeFiles/ggml-base.dir/ggml-alloc.c.o
[3/174] Building CXX object ggml/src/CMakeFiles/ggml-base.dir/ggml-opt.cpp.o
[4/174] Building CXX object ggml/src/CMakeFiles/ggml-base.dir/ggml-threading.cpp.o
[5/174] Building C object ggml/src/CMakeFiles/ggml-base.dir/__/__/examples/gguf-hash/deps/sha256/sha256.c.o
[6/174] Building C object ggml/src/CMakeFiles/ggml-base.dir/ggml.c.o
[7/174] Building C object ggml/src/CMakeFiles/ggml-base.dir/__/rocmfp4/rocmfp4.c.o
[8/174] Building CXX object ggml/src/CMakeFiles/ggml-base.dir/ggml-backend-meta.cpp.o
[9/174] Building C object ggml/src/CMakeFiles/ggml-base.dir/__/rocmfpx/rocmfpx.c.o
[10/174] Building CXX object ggml/src/CMakeFiles/ggml-base.dir/ggml-backend.cpp.o
/tmp/halofpx-sumfree-3c9ba0b/ggml/src/ggml-backend.cpp: In function ‘bool {anonymous}::sched_auth_build_canonical_census(sched_auth_state&)’:
/tmp/halofpx-sumfree-3c9ba0b/ggml/src/ggml-backend.cpp:894:29: warning: missing initializer for member ‘ggml_backend_sched_authority_census_entry::logical_tensor_identity’ [-Wmissing-field-initializers]
  894 |         candidates.push_back({
      |         ~~~~~~~~~~~~~~~~~~~~^~
  895 |             root.backend,
      |             ~~~~~~~~~~~~~    
  896 |             root.canonical_id,
      |             ~~~~~~~~~~~~~~~~~~
  897 |             static_cast<uint32_t>(GGML_BACKEND_SCHED_CENSUS_ROOT),
      |             ~~~~~~~~~~~~~~~~~~~~~~~~~~~~~~~~~~~~~~~~~~~~~~~~~~~~~~
  898 |             static_cast<uint32_t>(
      |             ~~~~~~~~~~~~~~~~~~~~~~
  899 |                 root.authority.root_class == GGML_BACKEND_SCHED_AUTH_MUTABLE ?
      |                 ~~~~~~~~~~~~~~~~~~~~~~~~~~~~~~~~~~~~~~~~~~~~~~~~~~~~~~~~~~~~~~
  900 |                     GGML_BACKEND_SCHED_CENSUS_REGISTER :
      |                     ~~~~~~~~~~~~~~~~~~~~~~~~~~~~~~~~~~~~
  901 |                     GGML_BACKEND_SCHED_CENSUS_EXCLUDE),
      |                     ~~~~~~~~~~~~~~~~~~~~~~~~~~~~~~~~~~~
  902 |             root.authority.root_class,
      |             ~~~~~~~~~~~~~~~~~~~~~~~~~~
  903 |             root.authority.root_class == GGML_BACKEND_SCHED_AUTH_MUTABLE ?
      |             ~~~~~~~~~~~~~~~~~~~~~~~~~~~~~~~~~~~~~~~~~~~~~~~~~~~~~~~~~~~~~~
  904 |                 root.authority.role :
      |                 ~~~~~~~~~~~~~~~~~~~~~
  905 |                 static_cast<uint32_t>(
      |                 ~~~~~~~~~~~~~~~~~~~~~~
  906 |                     root.authority.root_class ==
      |                     ~~~~~~~~~~~~~~~~~~~~~~~~~~~~
  907 |                             GGML_BACKEND_SCHED_AUTH_IMMUTABLE_WEIGHT ?
      |                             ~~~~~~~~~~~~~~~~~~~~~~~~~~~~~~~~~~~~~~~~~~
  908 |                         GGML_RPC_HALOFPX_EXCLUDE_IMMUTABLE_MODEL_WEIGHT :
      |                         ~~~~~~~~~~~~~~~~~~~~~~~~~~~~~~~~~~~~~~~~~~~~~~~~~
  909 |                         GGML_RPC_HALOFPX_EXCLUDE_LOCAL_STATE_PAYLOAD),
      |                         ~~~~~~~~~~~~~~~~~~~~~~~~~~~~~~~~~~~~~~~~~~~~~~
  910 |             root.authority.role_ordinal,
      |             ~~~~~~~~~~~~~~~~~~~~~~~~~~~~
  911 |             UINT32_MAX,
      |             ~~~~~~~~~~~      
  912 |             0,
      |             ~~               
  913 |             root.tensor,
      |             ~~~~~~~~~~~~     
  914 |         });
      |         ~~                   
/tmp/halofpx-sumfree-3c9ba0b/ggml/src/ggml-backend.cpp:894:29: warning: missing initializer for member ‘ggml_backend_sched_authority_census_entry::storage_tensor_identity’ [-Wmissing-field-initializers]
/tmp/halofpx-sumfree-3c9ba0b/ggml/src/ggml-backend.cpp:894:29: warning: missing initializer for member ‘ggml_backend_sched_authority_census_entry::runtime_semantic_identity’ [-Wmissing-field-initializers]
/tmp/halofpx-sumfree-3c9ba0b/ggml/src/ggml-backend.cpp:894:29: warning: missing initializer for member ‘ggml_backend_sched_authority_census_entry::rpc_endpoint_identity’ [-Wmissing-field-initializers]
/tmp/halofpx-sumfree-3c9ba0b/ggml/src/ggml-backend.cpp:894:29: warning: missing initializer for member ‘ggml_backend_sched_authority_census_entry::rpc_connection_epoch’ [-Wmissing-field-initializers]
/tmp/halofpx-sumfree-3c9ba0b/ggml/src/ggml-backend.cpp:894:29: warning: missing initializer for member ‘ggml_backend_sched_authority_census_entry::rpc_device’ [-Wmissing-field-initializers]
/tmp/halofpx-sumfree-3c9ba0b/ggml/src/ggml-backend.cpp:894:29: warning: missing initializer for member ‘ggml_backend_sched_authority_census_entry::resolved’ [-Wmissing-field-initializers]
/tmp/halofpx-sumfree-3c9ba0b/ggml/src/ggml-backend.cpp:923:29: warning: missing initializer for member ‘ggml_backend_sched_authority_census_entry::logical_tensor_identity’ [-Wmissing-field-initializers]
  923 |         candidates.push_back({
      |         ~~~~~~~~~~~~~~~~~~~~^~
  924 |             copy.destination_backend,
      |             ~~~~~~~~~~~~~~~~~~~~~~~~~
  925 |             copy.source_id,
      |             ~~~~~~~~~~~~~~~  
  926 |             static_cast<uint32_t>(GGML_BACKEND_SCHED_CENSUS_COPY),
      |             ~~~~~~~~~~~~~~~~~~~~~~~~~~~~~~~~~~~~~~~~~~~~~~~~~~~~~~
  927 |             static_cast<uint32_t>(
      |             ~~~~~~~~~~~~~~~~~~~~~~
  928 |                 scheduler_copy ||
      |                 ~~~~~~~~~~~~~~~~~
  929 |                         copy.root_class == GGML_BACKEND_SCHED_AUTH_MUTABLE ?
      |                         ~~~~~~~~~~~~~~~~~~~~~~~~~~~~~~~~~~~~~~~~~~~~~~~~~~~~
  930 |                     GGML_BACKEND_SCHED_CENSUS_REGISTER :
      |                     ~~~~~~~~~~~~~~~~~~~~~~~~~~~~~~~~~~~~
  931 |                     GGML_BACKEND_SCHED_CENSUS_EXCLUDE),
      |                     ~~~~~~~~~~~~~~~~~~~~~~~~~~~~~~~~~~~
  932 |             copy.root_class,
      |             ~~~~~~~~~~~~~~~~ 
  933 |             scheduler_copy ?
      |             ~~~~~~~~~~~~~~~~ 
  934 |                 static_cast<uint32_t>(GGML_RPC_HALOFPX_MUTABLE_SCHEDULER_COPY) :
      |                 ~~~~~~~~~~~~~~~~~~~~~~~~~~~~~~~~~~~~~~~~~~~~~~~~~~~~~~~~~~~~~~~~
  935 |             copy.root_class == GGML_BACKEND_SCHED_AUTH_MUTABLE ?
      |             ~~~~~~~~~~~~~~~~~~~~~~~~~~~~~~~~~~~~~~~~~~~~~~~~~~~~
  936 |                 copy.role :
      |                 ~~~~~~~~~~~  
  937 |                 static_cast<uint32_t>(
      |                 ~~~~~~~~~~~~~~~~~~~~~~
  938 |                     copy.root_class ==
      |                     ~~~~~~~~~~~~~~~~~~
  939 |                             GGML_BACKEND_SCHED_AUTH_IMMUTABLE_WEIGHT ?
      |                             ~~~~~~~~~~~~~~~~~~~~~~~~~~~~~~~~~~~~~~~~~~
  940 |                         GGML_RPC_HALOFPX_EXCLUDE_IMMUTABLE_MODEL_WEIGHT :
      |                         ~~~~~~~~~~~~~~~~~~~~~~~~~~~~~~~~~~~~~~~~~~~~~~~~~
  941 |                         GGML_RPC_HALOFPX_EXCLUDE_LOCAL_STATE_PAYLOAD),
      |                         ~~~~~~~~~~~~~~~~~~~~~~~~~~~~~~~~~~~~~~~~~~~~~~
  942 |             copy.role_ordinal,
      |             ~~~~~~~~~~~~~~~~~~
  943 |             copy.copy_slot,
      |             ~~~~~~~~~~~~~~~  
  944 |             copy.generation,
      |             ~~~~~~~~~~~~~~~~ 
  945 |             copy.tensor,
      |             ~~~~~~~~~~~~     
  946 |         });
      |         ~~                   
/tmp/halofpx-sumfree-3c9ba0b/ggml/src/ggml-backend.cpp:923:29: warning: missing initializer for member ‘ggml_backend_sched_authority_census_entry::storage_tensor_identity’ [-Wmissing-field-initializers]
/tmp/halofpx-sumfree-3c9ba0b/ggml/src/ggml-backend.cpp:923:29: warning: missing initializer for member ‘ggml_backend_sched_authority_census_entry::runtime_semantic_identity’ [-Wmissing-field-initializers]
/tmp/halofpx-sumfree-3c9ba0b/ggml/src/ggml-backend.cpp:923:29: warning: missing initializer for member ‘ggml_backend_sched_authority_census_entry::rpc_endpoint_identity’ [-Wmissing-field-initializers]
/tmp/halofpx-sumfree-3c9ba0b/ggml/src/ggml-backend.cpp:923:29: warning: missing initializer for member ‘ggml_backend_sched_authority_census_entry::rpc_connection_epoch’ [-Wmissing-field-initializers]
/tmp/halofpx-sumfree-3c9ba0b/ggml/src/ggml-backend.cpp:923:29: warning: missing initializer for member ‘ggml_backend_sched_authority_census_entry::rpc_device’ [-Wmissing-field-initializers]
/tmp/halofpx-sumfree-3c9ba0b/ggml/src/ggml-backend.cpp:923:29: warning: missing initializer for member ‘ggml_backend_sched_authority_census_entry::resolved’ [-Wmissing-field-initializers]
[11/174] Building HIP object ggml/src/ggml-hip/CMakeFiles/ggml-hip.dir/__/ggml-cuda/acc.cu.o
[12/174] Building HIP object ggml/src/ggml-hip/CMakeFiles/ggml-hip.dir/__/ggml-cuda/add-id.cu.o
[13/174] Building CXX object ggml/src/CMakeFiles/ggml-base.dir/gguf.cpp.o
[14/174] Building HIP object ggml/src/ggml-hip/CMakeFiles/ggml-hip.dir/__/ggml-cuda/allreduce.cu.o
[15/174] Building C object ggml/src/CMakeFiles/ggml-base.dir/ggml-quants.c.o
[16/174] Linking CXX shared library bin/libggml-base.so.0.11.1
[17/174] Creating library symlink bin/libggml-base.so.0 bin/libggml-base.so
[18/174] Building HIP object ggml/src/ggml-hip/CMakeFiles/ggml-hip.dir/__/ggml-cuda/arange.cu.o
[19/174] Building HIP object ggml/src/ggml-hip/CMakeFiles/ggml-hip.dir/__/ggml-cuda/argmax.cu.o
[20/174] Building HIP object ggml/src/ggml-hip/CMakeFiles/ggml-hip.dir/__/ggml-cuda/argsort.cu.o
[21/174] Building HIP object ggml/src/ggml-hip/CMakeFiles/ggml-hip.dir/__/ggml-cuda/clamp.cu.o
[22/174] Building HIP object ggml/src/ggml-hip/CMakeFiles/ggml-hip.dir/__/ggml-cuda/concat.cu.o
[23/174] Building HIP object ggml/src/ggml-hip/CMakeFiles/ggml-hip.dir/__/ggml-cuda/conv-transpose-1d.cu.o
[24/174] Building HIP object ggml/src/ggml-hip/CMakeFiles/ggml-hip.dir/__/ggml-cuda/conv2d-dw.cu.o
[25/174] Building HIP object ggml/src/ggml-hip/CMakeFiles/ggml-hip.dir/__/ggml-cuda/conv2d-transpose.cu.o
[26/174] Building HIP object ggml/src/ggml-hip/CMakeFiles/ggml-hip.dir/__/ggml-cuda/conv2d.cu.o
[27/174] Building HIP object ggml/src/ggml-hip/CMakeFiles/ggml-hip.dir/__/ggml-cuda/count-equal.cu.o
[28/174] Building HIP object ggml/src/ggml-hip/CMakeFiles/ggml-hip.dir/__/ggml-cuda/convert.cu.o
[29/174] Building HIP object ggml/src/ggml-hip/CMakeFiles/ggml-hip.dir/__/ggml-cuda/cross-entropy-loss.cu.o
[30/174] Building HIP object ggml/src/ggml-hip/CMakeFiles/ggml-hip.dir/__/ggml-cuda/binbcast.cu.o
[31/174] Building HIP object ggml/src/ggml-hip/CMakeFiles/ggml-hip.dir/__/ggml-cuda/cumsum.cu.o
[32/174] Building HIP object ggml/src/ggml-hip/CMakeFiles/ggml-hip.dir/__/ggml-cuda/diag.cu.o
[33/174] Building HIP object ggml/src/ggml-hip/CMakeFiles/ggml-hip.dir/__/ggml-cuda/diagmask.cu.o
[34/174] Building HIP object ggml/src/ggml-hip/CMakeFiles/ggml-hip.dir/__/ggml-cuda/dsv4.cu.o
[35/174] Building HIP object ggml/src/ggml-hip/CMakeFiles/ggml-hip.dir/__/ggml-cuda/fattn-tile.cu.o
[36/174] Building HIP object ggml/src/ggml-hip/CMakeFiles/ggml-hip.dir/__/ggml-cuda/cpy.cu.o
[37/174] Building HIP object ggml/src/ggml-hip/CMakeFiles/ggml-hip.dir/__/ggml-cuda/fill.cu.o
[38/174] Building HIP object ggml/src/ggml-hip/CMakeFiles/ggml-hip.dir/__/ggml-cuda/fattn-wmma-f16.cu.o
[39/174] Building HIP object ggml/src/ggml-hip/CMakeFiles/ggml-hip.dir/__/ggml-cuda/gated_delta_net.cu.o
[40/174] Building HIP object ggml/src/ggml-hip/CMakeFiles/ggml-hip.dir/__/ggml-cuda/fattn.cu.o
[41/174] Building HIP object ggml/src/ggml-hip/CMakeFiles/ggml-hip.dir/__/ggml-cuda/getrows.cu.o
[42/174] Building HIP object ggml/src/ggml-hip/CMakeFiles/ggml-hip.dir/__/ggml-cuda/im2col.cu.o
[43/174] Building HIP object ggml/src/ggml-hip/CMakeFiles/ggml-hip.dir/__/ggml-cuda/gla.cu.o
[44/174] Building HIP object ggml/src/ggml-hip/CMakeFiles/ggml-hip.dir/__/ggml-cuda/mean.cu.o
[45/174] Building HIP object ggml/src/ggml-hip/CMakeFiles/ggml-hip.dir/__/ggml-cuda/mmf.cu.o
[46/174] Building HIP object ggml/src/ggml-hip/CMakeFiles/ggml-hip.dir/__/ggml-cuda/mmid.cu.o
[47/174] Building HIP object ggml/src/ggml-hip/CMakeFiles/ggml-hip.dir/__/ggml-cuda/ggml-cuda.cu.o
[48/174] Building HIP object ggml/src/ggml-hip/CMakeFiles/ggml-hip.dir/__/ggml-cuda/norm.cu.o
[49/174] Building HIP object ggml/src/ggml-hip/CMakeFiles/ggml-hip.dir/__/ggml-cuda/opt-step-adamw.cu.o
[50/174] Building HIP object ggml/src/ggml-hip/CMakeFiles/ggml-hip.dir/__/ggml-cuda/opt-step-sgd.cu.o
[51/174] Building HIP object ggml/src/ggml-hip/CMakeFiles/ggml-hip.dir/__/ggml-cuda/out-prod.cu.o
[52/174] Building HIP object ggml/src/ggml-hip/CMakeFiles/ggml-hip.dir/__/ggml-cuda/mmq.cu.o
[53/174] Building HIP object ggml/src/ggml-hip/CMakeFiles/ggml-hip.dir/__/ggml-cuda/pad.cu.o
[54/174] Building HIP object ggml/src/ggml-hip/CMakeFiles/ggml-hip.dir/__/ggml-cuda/pad_reflect_1d.cu.o
[55/174] Building HIP object ggml/src/ggml-hip/CMakeFiles/ggml-hip.dir/__/ggml-cuda/pool2d.cu.o
[56/174] Building HIP object ggml/src/ggml-hip/CMakeFiles/ggml-hip.dir/__/ggml-cuda/quantize.cu.o
[57/174] Building HIP object ggml/src/ggml-hip/CMakeFiles/ggml-hip.dir/__/ggml-cuda/roll.cu.o
[58/174] Building HIP object ggml/src/ggml-hip/CMakeFiles/ggml-hip.dir/__/ggml-cuda/mmvf.cu.o
[59/174] Building HIP object ggml/src/ggml-hip/CMakeFiles/ggml-hip.dir/__/ggml-cuda/scale.cu.o
[60/174] Building HIP object ggml/src/ggml-hip/CMakeFiles/ggml-hip.dir/__/ggml-cuda/rope.cu.o
[61/174] Building HIP object ggml/src/ggml-hip/CMakeFiles/ggml-hip.dir/__/ggml-cuda/set.cu.o
[62/174] Building HIP object ggml/src/ggml-hip/CMakeFiles/ggml-hip.dir/__/ggml-cuda/snake.cu.o
[63/174] Building HIP object ggml/src/ggml-hip/CMakeFiles/ggml-hip.dir/__/ggml-cuda/set-rows.cu.o
[64/174] Building HIP object ggml/src/ggml-hip/CMakeFiles/ggml-hip.dir/__/ggml-cuda/softcap.cu.o
[65/174] Building HIP object ggml/src/ggml-hip/CMakeFiles/ggml-hip.dir/__/ggml-cuda/mmvq.cu.o
[66/174] Building HIP object ggml/src/ggml-hip/CMakeFiles/ggml-hip.dir/__/ggml-cuda/softmax.cu.o
[67/174] Building HIP object ggml/src/ggml-hip/CMakeFiles/ggml-hip.dir/__/ggml-cuda/ssm-conv.cu.o
[68/174] Building HIP object ggml/src/ggml-hip/CMakeFiles/ggml-hip.dir/__/ggml-cuda/ssm-scan.cu.o
[69/174] Building HIP object ggml/src/ggml-hip/CMakeFiles/ggml-hip.dir/__/ggml-cuda/sum.cu.o
[70/174] Building HIP object ggml/src/ggml-hip/CMakeFiles/ggml-hip.dir/__/ggml-cuda/solve_tri.cu.o
[71/174] Building HIP object ggml/src/ggml-hip/CMakeFiles/ggml-hip.dir/__/ggml-cuda/sumrows.cu.o
[72/174] Building HIP object ggml/src/ggml-hip/CMakeFiles/ggml-hip.dir/__/ggml-cuda/top-k.cu.o
[73/174] Building HIP object ggml/src/ggml-hip/CMakeFiles/ggml-hip.dir/__/ggml-cuda/tri.cu.o
[74/174] Building HIP object ggml/src/ggml-hip/CMakeFiles/ggml-hip.dir/__/ggml-cuda/topk-moe.cu.o
[75/174] Building HIP object ggml/src/ggml-hip/CMakeFiles/ggml-hip.dir/__/ggml-cuda/tsembd.cu.o
[76/174] Building HIP object ggml/src/ggml-hip/CMakeFiles/ggml-hip.dir/__/ggml-cuda/unary.cu.o
[77/174] Building HIP object ggml/src/ggml-hip/CMakeFiles/ggml-hip.dir/__/ggml-cuda/upscale.cu.o
[78/174] Building HIP object ggml/src/ggml-hip/CMakeFiles/ggml-hip.dir/__/__/rocmfp4/rocmfp4_hip.cu.o
[79/174] Building HIP object ggml/src/ggml-hip/CMakeFiles/ggml-hip.dir/fattn-kv-batched.cu.o
[80/174] Building HIP object ggml/src/ggml-hip/CMakeFiles/ggml-hip.dir/__/ggml-cuda/wkv.cu.o
[81/174] Building HIP object ggml/src/ggml-hip/CMakeFiles/ggml-hip.dir/__/ggml-cuda/template-instances/fattn-tile-instance-dkq192-dv128.cu.o
[82/174] Building HIP object ggml/src/ggml-hip/CMakeFiles/ggml-hip.dir/__/ggml-cuda/template-instances/fattn-tile-instance-dkq112-dv112.cu.o
[83/174] Building HIP object ggml/src/ggml-hip/CMakeFiles/ggml-hip.dir/__/ggml-cuda/template-instances/fattn-tile-instance-dkq320-dv256.cu.o
[84/174] Building HIP object ggml/src/ggml-hip/CMakeFiles/ggml-hip.dir/__/ggml-cuda/template-instances/fattn-tile-instance-dkq256-dv256.cu.o
[85/174] Building HIP object ggml/src/ggml-hip/CMakeFiles/ggml-hip.dir/__/ggml-cuda/template-instances/fattn-tile-instance-dkq40-dv40.cu.o
[86/174] Building HIP object ggml/src/ggml-hip/CMakeFiles/ggml-hip.dir/__/ggml-cuda/template-instances/fattn-tile-instance-dkq128-dv128.cu.o
[87/174] Building HIP object ggml/src/ggml-hip/CMakeFiles/ggml-hip.dir/fattn-vec-turbo-mixed.cu.o
[88/174] Building HIP object ggml/src/ggml-hip/CMakeFiles/ggml-hip.dir/__/ggml-cuda/template-instances/fattn-tile-instance-dkq576-dv512.cu.o
[89/174] Building HIP object ggml/src/ggml-hip/CMakeFiles/ggml-hip.dir/__/ggml-cuda/template-instances/fattn-tile-instance-dkq512-dv512.cu.o
[90/174] Building HIP object ggml/src/ggml-hip/CMakeFiles/ggml-hip.dir/__/ggml-cuda/template-instances/fattn-tile-instance-dkq72-dv72.cu.o
[91/174] Building HIP object ggml/src/ggml-hip/CMakeFiles/ggml-hip.dir/__/ggml-cuda/template-instances/fattn-tile-instance-dkq64-dv64.cu.o
[92/174] Building HIP object ggml/src/ggml-hip/CMakeFiles/ggml-hip.dir/__/ggml-cuda/template-instances/fattn-tile-instance-dkq80-dv80.cu.o
[93/174] Building HIP object ggml/src/ggml-hip/CMakeFiles/ggml-hip.dir/__/ggml-cuda/template-instances/fattn-tile-instance-dkq96-dv96.cu.o
[94/174] Building HIP object ggml/src/ggml-hip/CMakeFiles/ggml-hip.dir/__/ggml-cuda/template-instances/fattn-mma-f16-instance-ncols1_1-ncols2_16.cu.o
[95/174] Building HIP object ggml/src/ggml-hip/CMakeFiles/ggml-hip.dir/__/ggml-cuda/template-instances/fattn-mma-f16-instance-ncols1_1-ncols2_32.cu.o
[96/174] Building HIP object ggml/src/ggml-hip/CMakeFiles/ggml-hip.dir/__/ggml-cuda/template-instances/fattn-mma-f16-instance-ncols1_1-ncols2_8.cu.o
[97/174] Building HIP object ggml/src/ggml-hip/CMakeFiles/ggml-hip.dir/__/ggml-cuda/template-instances/fattn-mma-f16-instance-ncols1_16-ncols2_1.cu.o
[98/174] Building HIP object ggml/src/ggml-hip/CMakeFiles/ggml-hip.dir/__/ggml-cuda/template-instances/fattn-mma-f16-instance-ncols1_2-ncols2_16.cu.o
[99/174] Building HIP object ggml/src/ggml-hip/CMakeFiles/ggml-hip.dir/__/ggml-cuda/template-instances/fattn-mma-f16-instance-ncols1_2-ncols2_32.cu.o
[100/174] Building HIP object ggml/src/ggml-hip/CMakeFiles/ggml-hip.dir/__/ggml-cuda/template-instances/fattn-mma-f16-instance-ncols1_2-ncols2_4.cu.o
[101/174] Building HIP object ggml/src/ggml-hip/CMakeFiles/ggml-hip.dir/__/ggml-cuda/template-instances/fattn-mma-f16-instance-ncols1_32-ncols2_1.cu.o
[102/174] Building HIP object ggml/src/ggml-hip/CMakeFiles/ggml-hip.dir/__/ggml-cuda/template-instances/fattn-mma-f16-instance-ncols1_16-ncols2_2.cu.o
[103/174] Building HIP object ggml/src/ggml-hip/CMakeFiles/ggml-hip.dir/__/ggml-cuda/template-instances/fattn-mma-f16-instance-ncols1_2-ncols2_8.cu.o
[104/174] Building HIP object ggml/src/ggml-hip/CMakeFiles/ggml-hip.dir/__/ggml-cuda/template-instances/fattn-mma-f16-instance-ncols1_4-ncols2_16.cu.o
[105/174] Building HIP object ggml/src/ggml-hip/CMakeFiles/ggml-hip.dir/__/ggml-cuda/template-instances/fattn-mma-f16-instance-ncols1_16-ncols2_4.cu.o
[106/174] Building HIP object ggml/src/ggml-hip/CMakeFiles/ggml-hip.dir/__/ggml-cuda/template-instances/fattn-mma-f16-instance-ncols1_4-ncols2_2.cu.o
[107/174] Building HIP object ggml/src/ggml-hip/CMakeFiles/ggml-hip.dir/__/ggml-cuda/template-instances/fattn-mma-f16-instance-ncols1_64-ncols2_1.cu.o
[108/174] Building HIP object ggml/src/ggml-hip/CMakeFiles/ggml-hip.dir/__/ggml-cuda/template-instances/fattn-mma-f16-instance-ncols1_8-ncols2_1.cu.o
[109/174] Building HIP object ggml/src/ggml-hip/CMakeFiles/ggml-hip.dir/__/ggml-cuda/template-instances/fattn-mma-f16-instance-ncols1_4-ncols2_4.cu.o
[110/174] Building HIP object ggml/src/ggml-hip/CMakeFiles/ggml-hip.dir/__/ggml-cuda/template-instances/fattn-mma-f16-instance-ncols1_32-ncols2_2.cu.o
[111/174] Building HIP object ggml/src/ggml-hip/CMakeFiles/ggml-hip.dir/__/ggml-cuda/template-instances/fattn-mma-f16-instance-ncols1_4-ncols2_8.cu.o
[112/174] Building HIP object ggml/src/ggml-hip/CMakeFiles/ggml-hip.dir/__/ggml-cuda/template-instances/fattn-mma-f16-instance-ncols1_8-ncols2_2.cu.o
[113/174] Building HIP object ggml/src/ggml-hip/CMakeFiles/ggml-hip.dir/__/ggml-cuda/template-instances/mmq-instance-iq1_s.cu.o
[114/174] Building HIP object ggml/src/ggml-hip/CMakeFiles/ggml-hip.dir/__/ggml-cuda/template-instances/fattn-mma-f16-instance-ncols1_8-ncols2_4.cu.o
[115/174] Building HIP object ggml/src/ggml-hip/CMakeFiles/ggml-hip.dir/__/ggml-cuda/template-instances/mmq-instance-iq2_s.cu.o
[116/174] Building HIP object ggml/src/ggml-hip/CMakeFiles/ggml-hip.dir/__/ggml-cuda/template-instances/fattn-mma-f16-instance-ncols1_8-ncols2_8.cu.o
[117/174] Building HIP object ggml/src/ggml-hip/CMakeFiles/ggml-hip.dir/__/ggml-cuda/template-instances/mmq-instance-iq2_xs.cu.o
[118/174] Building HIP object ggml/src/ggml-hip/CMakeFiles/ggml-hip.dir/__/ggml-cuda/template-instances/mmq-instance-iq2_xxs.cu.o
[119/174] Building HIP object ggml/src/ggml-hip/CMakeFiles/ggml-hip.dir/__/ggml-cuda/template-instances/mmq-instance-iq3_s.cu.o
[120/174] Building HIP object ggml/src/ggml-hip/CMakeFiles/ggml-hip.dir/__/ggml-cuda/template-instances/mmq-instance-iq4_nl.cu.o
[121/174] Building HIP object ggml/src/ggml-hip/CMakeFiles/ggml-hip.dir/__/ggml-cuda/template-instances/mmq-instance-iq3_xxs.cu.o
[122/174] Building HIP object ggml/src/ggml-hip/CMakeFiles/ggml-hip.dir/__/ggml-cuda/template-instances/mmq-instance-iq4_xs.cu.o
[123/174] Building HIP object ggml/src/ggml-hip/CMakeFiles/ggml-hip.dir/__/ggml-cuda/template-instances/mmq-instance-mxfp4.cu.o
[124/174] Building HIP object ggml/src/ggml-hip/CMakeFiles/ggml-hip.dir/__/ggml-cuda/template-instances/mmq-instance-nvfp4.cu.o
[125/174] Building HIP object ggml/src/ggml-hip/CMakeFiles/ggml-hip.dir/__/ggml-cuda/template-instances/mmq-instance-q1_0.cu.o
[126/174] Building HIP object ggml/src/ggml-hip/CMakeFiles/ggml-hip.dir/__/ggml-cuda/template-instances/mmq-instance-q2_0_rocmfpx.cu.o
[127/174] Building HIP object ggml/src/ggml-hip/CMakeFiles/ggml-hip.dir/__/ggml-cuda/template-instances/mmq-instance-q3_k.cu.o
[128/174] Building HIP object ggml/src/ggml-hip/CMakeFiles/ggml-hip.dir/__/ggml-cuda/template-instances/mmq-instance-q4_0.cu.o
[129/174] Building HIP object ggml/src/ggml-hip/CMakeFiles/ggml-hip.dir/__/ggml-cuda/template-instances/mmq-instance-q3_0_rocmfpx.cu.o
[130/174] Building HIP object ggml/src/ggml-hip/CMakeFiles/ggml-hip.dir/__/ggml-cuda/template-instances/mmq-instance-q4_0_rocmfp4.cu.o
[131/174] Building HIP object ggml/src/ggml-hip/CMakeFiles/ggml-hip.dir/__/ggml-cuda/template-instances/mmq-instance-q4_0_rocmfp4_fast.cu.o
[132/174] Building HIP object ggml/src/ggml-hip/CMakeFiles/ggml-hip.dir/__/ggml-cuda/template-instances/mmq-instance-q4_1.cu.o
[133/174] Building HIP object ggml/src/ggml-hip/CMakeFiles/ggml-hip.dir/__/ggml-cuda/template-instances/mmq-instance-q2_k.cu.o
[134/174] Building HIP object ggml/src/ggml-hip/CMakeFiles/ggml-hip.dir/__/ggml-cuda/template-instances/mmq-instance-q4_k.cu.o
[135/174] Building HIP object ggml/src/ggml-hip/CMakeFiles/ggml-hip.dir/__/ggml-cuda/template-instances/mmq-instance-q5_0.cu.o
[136/174] Building HIP object ggml/src/ggml-hip/CMakeFiles/ggml-hip.dir/__/ggml-cuda/template-instances/mmq-instance-q5_1.cu.o
[137/174] Building HIP object ggml/src/ggml-hip/CMakeFiles/ggml-hip.dir/__/ggml-cuda/template-instances/mmq-instance-q5_k.cu.o
[138/174] Building HIP object ggml/src/ggml-hip/CMakeFiles/ggml-hip.dir/__/ggml-cuda/template-instances/mmq-instance-q6_k.cu.o
[139/174] Building HIP object ggml/src/ggml-hip/CMakeFiles/ggml-hip.dir/__/ggml-cuda/template-instances/mmq-instance-q8_0.cu.o
[140/174] Building HIP object ggml/src/ggml-hip/CMakeFiles/ggml-hip.dir/__/ggml-cuda/template-instances/mmq-instance-q8_0_rocmfpx.cu.o
[141/174] Building HIP object ggml/src/ggml-hip/CMakeFiles/ggml-hip.dir/__/ggml-cuda/template-instances/mmq-instance-q6_0_rocmfpx.cu.o
[142/174] Building HIP object ggml/src/ggml-hip/CMakeFiles/ggml-hip.dir/__/ggml-cuda/template-instances/mmf-instance-ncols_1.cu.o
[143/174] Building HIP object ggml/src/ggml-hip/CMakeFiles/ggml-hip.dir/__/ggml-cuda/template-instances/mmf-instance-ncols_10.cu.o
[144/174] Building HIP object ggml/src/ggml-hip/CMakeFiles/ggml-hip.dir/__/ggml-cuda/template-instances/mmf-instance-ncols_11.cu.o
[145/174] Building HIP object ggml/src/ggml-hip/CMakeFiles/ggml-hip.dir/__/ggml-cuda/template-instances/mmf-instance-ncols_12.cu.o
[146/174] Building HIP object ggml/src/ggml-hip/CMakeFiles/ggml-hip.dir/__/ggml-cuda/template-instances/mmf-instance-ncols_13.cu.o
[147/174] Building HIP object ggml/src/ggml-hip/CMakeFiles/ggml-hip.dir/__/ggml-cuda/template-instances/mmf-instance-ncols_14.cu.o
[148/174] Building HIP object ggml/src/ggml-hip/CMakeFiles/ggml-hip.dir/__/ggml-cuda/template-instances/mmf-instance-ncols_15.cu.o
[149/174] Building HIP object ggml/src/ggml-hip/CMakeFiles/ggml-hip.dir/__/ggml-cuda/template-instances/mmf-instance-ncols_2.cu.o
[150/174] Building HIP object ggml/src/ggml-hip/CMakeFiles/ggml-hip.dir/__/ggml-cuda/template-instances/mmf-instance-ncols_16.cu.o
[151/174] Building HIP object ggml/src/ggml-hip/CMakeFiles/ggml-hip.dir/__/ggml-cuda/template-instances/mmf-instance-ncols_3.cu.o
[152/174] Building HIP object ggml/src/ggml-hip/CMakeFiles/ggml-hip.dir/__/ggml-cuda/template-instances/mmf-instance-ncols_4.cu.o
[153/174] Building HIP object ggml/src/ggml-hip/CMakeFiles/ggml-hip.dir/__/ggml-cuda/template-instances/mmf-instance-ncols_5.cu.o
[154/174] Building HIP object ggml/src/ggml-hip/CMakeFiles/ggml-hip.dir/__/ggml-cuda/template-instances/mmf-instance-ncols_6.cu.o
[155/174] Building HIP object ggml/src/ggml-hip/CMakeFiles/ggml-hip.dir/__/ggml-cuda/template-instances/mmf-instance-ncols_7.cu.o
[156/174] Building HIP object ggml/src/ggml-hip/CMakeFiles/ggml-hip.dir/__/ggml-cuda/template-instances/fattn-vec-instance-f16-f16.cu.o
[157/174] Building HIP object ggml/src/ggml-hip/CMakeFiles/ggml-hip.dir/__/ggml-cuda/template-instances/mmf-instance-ncols_8.cu.o
[158/174] Building HIP object ggml/src/ggml-hip/CMakeFiles/ggml-hip.dir/__/ggml-cuda/template-instances/mmf-instance-ncols_9.cu.o
[159/174] Building HIP object ggml/src/ggml-hip/CMakeFiles/ggml-hip.dir/__/ggml-cuda/template-instances/fattn-vec-instance-q4_0-q4_0.cu.o
[160/174] Building HIP object ggml/src/ggml-hip/CMakeFiles/ggml-hip.dir/__/ggml-cuda/template-instances/fattn-vec-instance-q4_0_rocmfp4-q4_0_rocmfp4.cu.o
[161/174] Building HIP object ggml/src/ggml-hip/CMakeFiles/ggml-hip.dir/__/ggml-cuda/template-instances/fattn-vec-instance-q4_0_rocmfp4_fast-q4_0_rocmfp4_fast.cu.o
[162/174] Building HIP object ggml/src/ggml-hip/CMakeFiles/ggml-hip.dir/__/ggml-cuda/template-instances/fattn-vec-instance-q8_0-q8_0.cu.o
[163/174] Building HIP object ggml/src/ggml-hip/CMakeFiles/ggml-hip.dir/__/ggml-cuda/template-instances/fattn-vec-instance-q8_0_rocmfpx-q8_0_rocmfpx.cu.o
[164/174] Building HIP object ggml/src/ggml-hip/CMakeFiles/ggml-hip.dir/__/ggml-cuda/template-instances/fattn-vec-instance-bf16-bf16.cu.o
[165/174] Building HIP object ggml/src/ggml-hip/CMakeFiles/ggml-hip.dir/__/ggml-cuda/template-instances/fattn-vec-instance-turbo3_0-turbo3_0.cu.o
[166/174] Building CXX object tests/CMakeFiles/test-halofpx-rocmfpx-mmvq-sum-free-off.dir/test-halofpx-rocmfpx-mmvq-sum-free.cpp.o
[167/174] Building CXX object tests/CMakeFiles/test-halofpx-rocmfpx-mmvq-sum-free-on.dir/test-halofpx-rocmfpx-mmvq-sum-free.cpp.o
[168/174] Linking CXX executable bin/test-halofpx-rocmfpx-mmvq-sum-free-off
[169/174] Linking CXX executable bin/test-halofpx-rocmfpx-mmvq-sum-free-on
[170/174] Building HIP object ggml/src/ggml-hip/CMakeFiles/ggml-hip.dir/__/ggml-cuda/template-instances/fattn-vec-instance-turbo4_0-turbo4_0.cu.o
[171/174] Building HIP object ggml/src/ggml-hip/CMakeFiles/ggml-hip.dir/__/ggml-cuda/template-instances/fattn-vec-instance-q3_0_rocmfpx-q3_0_rocmfpx.cu.o
[172/174] Building HIP object ggml/src/ggml-hip/CMakeFiles/ggml-hip.dir/__/ggml-cuda/template-instances/fattn-vec-instance-q6_0_rocmfpx-q6_0_rocmfpx.cu.o
[173/174] Linking HIP shared library bin/libggml-hip.so.0.11.1
[174/174] Creating library symlink bin/libggml-hip.so.0 bin/libggml-hip.so
